((((((487:1,192066:1)482:1,210:1):0,(1063:1,1062:1)31989:1):0,(((287:1,306:1)286:1,(470:1,472:1)469:1):0,(562:1,1884818:1)561:1)1236:1)1224:1,((821:1,29523:1)815:1,59823:1)171549:1):0,((((1660:1,29317:1)2049:1,(1747:1,1912221:1)1912216:1)1760:1,1299:1):0,(((((1409:1,1396:1)1386:1,(1639:1,1960103:1)1637:1):0,((1282:1,29387:1):0,1280:1)1279:1)1385:1,(((1596:1,1591:1)1578:1,(1351:1,35783:1)1350:1):0,(((1313:1,1306:1):0,1311:1):0,1309:1)1301:1)186826:1)91061:1,1506:1)1239:1)1783272:1);